{
  "fingerprint": "EB85BB5FA33A75E15E944E63F231550C4F47E38E",
  "userid_proofs": [
    {
      "userid": "Alice Lovelace <alice@openpgp.example>",
      "proofs": [
        {
          "uri": "dns:openpgp.example?type=TXT",
          "verification_result": null
        }
      ]
    }
  ]
}
