{
  "fingerprint": "3637202523E7C1309AB79E99EF2DC5827B445F4B",
  "userid_proofs": [
    {
      "userid": "Yarmo Mackenbach <test@doip.rocks>",
      "proofs": [
        {
          "uri": "dns:doip.rocks",
          "verification_result": null
        }
      ]
    }
  ]
}
